[INFO] Scanning for projects...
[INFO] 
[INFO] ---------------------< com.ropa.tienda:TiendaRopa >---------------------
[INFO] Building TiendaRopa 1.0-SNAPSHOT
[INFO]   from pom.xml
[INFO] --------------------------------[ jar ]---------------------------------
[INFO] 
[INFO] >>> spring-boot:3.3.3:run (default-cli) > test-compile @ TiendaRopa >>>
[INFO] 
[INFO] --- resources:3.3.1:resources (default-resources) @ TiendaRopa ---
[INFO] Copying 1 resource from src\main\resources to target\classes
[INFO] Copying 4 resources from src\main\resources to target\classes
[INFO] 
[INFO] --- compiler:3.13.0:compile (default-compile) @ TiendaRopa ---
[INFO] Recompiling the module because of changed source code.
[INFO] Compiling 29 source files with javac [debug parameters release 17] to target\classes
[INFO] 
[INFO] --- resources:3.3.1:testResources (default-testResources) @ TiendaRopa ---
[INFO] skip non existing resourceDirectory C:\Users\Usuario\Documents\NoSQL\TiendaRopa\src\test\resources
[INFO] 
[INFO] --- compiler:3.13.0:testCompile (default-testCompile) @ TiendaRopa ---
[INFO] No sources to compile
[INFO] 
[INFO] <<< spring-boot:3.3.3:run (default-cli) < test-compile @ TiendaRopa <<<
[INFO] 
[INFO] 
[INFO] --- spring-boot:3.3.3:run (default-cli) @ TiendaRopa ---
[INFO] Attaching agents: []

  .   ____          _            __ _ _
 /\\ / ___'_ __ _ _(_)_ __  __ _ \ \ \ \
( ( )\___ | '_ | '_| | '_ \/ _` | \ \ \ \
 \\/  ___)| |_)| | | | | || (_| |  ) ) ) )
  '  |____| .__|_| |_|_| |_\__, | / / / /
 =========|_|==============|___/=/_/_/_/

 :: Spring Boot ::                (v3.3.3)

2025-11-02T18:00:01.960-03:00  INFO 18708 --- [  restartedMain] com.ropa.tienda.TiendaRopaApplication    : Starting TiendaRopaApplication using Java 24.0.2 with PID 18708 (C:\Users\Usuario\Documents\NoSQL\TiendaRopa\target\classes started by Usuario in C:\Users\Usuario\Documents\NoSQL\TiendaRopa)
2025-11-02T18:00:01.965-03:00  INFO 18708 --- [  restartedMain] com.ropa.tienda.TiendaRopaApplication    : No active profile set, falling back to 1 default profile: "default"
2025-11-02T18:00:02.046-03:00  INFO 18708 --- [  restartedMain] .e.DevToolsPropertyDefaultsPostProcessor : Devtools property defaults active! Set 'spring.devtools.add-properties' to 'false' to disable
2025-11-02T18:00:02.046-03:00  INFO 18708 --- [  restartedMain] .e.DevToolsPropertyDefaultsPostProcessor : For additional web related logging consider setting the 'logging.level.web' property to 'DEBUG'
2025-11-02T18:00:02.738-03:00  INFO 18708 --- [  restartedMain] .s.d.r.c.RepositoryConfigurationDelegate : Bootstrapping Spring Data MongoDB repositories in DEFAULT mode.
2025-11-02T18:00:02.800-03:00  INFO 18708 --- [  restartedMain] .s.d.r.c.RepositoryConfigurationDelegate : Finished Spring Data repository scanning in 57 ms. Found 5 MongoDB repository interfaces.
WARNING: A restricted method in java.lang.System has been called
WARNING: java.lang.System::load has been called by org.apache.tomcat.jni.Library in an unnamed module (file:/C:/Users/Usuario/.m2/repository/org/apache/tomcat/embed/tomcat-embed-core/10.1.28/tomcat-embed-core-10.1.28.jar)
WARNING: Use --enable-native-access=ALL-UNNAMED to avoid a warning for callers in this module
WARNING: Restricted methods will be blocked in a future release unless native access is enabled

2025-11-02T18:00:03.326-03:00  INFO 18708 --- [  restartedMain] o.s.b.w.embedded.tomcat.TomcatWebServer  : Tomcat initialized with port 8081 (http)
2025-11-02T18:00:03.329-03:00  INFO 18708 --- [  restartedMain] o.a.catalina.core.AprLifecycleListener   : An older version [1.3.1] of the Apache Tomcat Native library is installed, while Tomcat recommends a minimum version of [2.0.5]
2025-11-02T18:00:03.330-03:00  INFO 18708 --- [  restartedMain] o.a.catalina.core.AprLifecycleListener   : Loaded Apache Tomcat Native library [1.3.1] using APR version [1.7.4].
2025-11-02T18:00:03.335-03:00  INFO 18708 --- [  restartedMain] o.a.catalina.core.AprLifecycleListener   : OpenSSL successfully initialized [OpenSSL 3.0.14 4 Jun 2024]
2025-11-02T18:00:03.345-03:00  INFO 18708 --- [  restartedMain] o.apache.catalina.core.StandardService   : Starting service [Tomcat]
2025-11-02T18:00:03.345-03:00  INFO 18708 --- [  restartedMain] o.apache.catalina.core.StandardEngine    : Starting Servlet engine: [Apache Tomcat/10.1.28]
2025-11-02T18:00:03.383-03:00  INFO 18708 --- [  restartedMain] o.a.c.c.C.[Tomcat].[localhost].[/]       : Initializing Spring embedded WebApplicationContext
2025-11-02T18:00:03.385-03:00  INFO 18708 --- [  restartedMain] w.s.c.ServletWebServerApplicationContext : Root WebApplicationContext: initialization completed in 1337 ms
2025-11-02T18:00:03.530-03:00  INFO 18708 --- [  restartedMain] org.mongodb.driver.client                : MongoClient with metadata {"driver": {"name": "mongo-java-driver|sync|spring-boot", "version": "5.0.1"}, "os": {"type": "Windows", "name": "Windows 11", "architecture": "amd64", "version": "10.0"}, "platform": "Java/Oracle Corporation/24.0.2+12-54"} created with settings MongoClientSettings{readPreference=primary, writeConcern=WriteConcern{w=null, wTimeout=null ms, journal=null}, retryWrites=true, retryReads=true, readConcern=ReadConcern{level=null}, credential=null, transportSettings=null, commandListeners=[], codecRegistry=ProvidersCodecRegistry{codecProviders=[ValueCodecProvider{}, BsonValueCodecProvider{}, DBRefCodecProvider{}, DBObjectCodecProvider{}, DocumentCodecProvider{}, CollectionCodecProvider{}, IterableCodecProvider{}, MapCodecProvider{}, GeoJsonCodecProvider{}, GridFSFileCodecProvider{}, Jsr310CodecProvider{}, JsonObjectCodecProvider{}, BsonCodecProvider{}, EnumCodecProvider{}, com.mongodb.client.model.mql.ExpressionCodecProvider@1eab39ff, com.mongodb.Jep395RecordCodecProvider@73d8b4b, com.mongodb.KotlinCodecProvider@3f7ccb8a]}, loggerSettings=LoggerSettings{maxDocumentLength=1000}, clusterSettings={hosts=[localhost:27017], srvServiceName=mongodb, mode=SINGLE, requiredClusterType=UNKNOWN, requiredReplicaSetName='null', serverSelector='null', clusterListeners='[]', serverSelectionTimeout='30000 ms', localThreshold='15 ms'}, socketSettings=SocketSettings{connectTimeoutMS=10000, readTimeoutMS=0, receiveBufferSize=0, proxySettings=ProxySettings{host=null, port=null, username=null, password=null}}, heartbeatSocketSettings=SocketSettings{connectTimeoutMS=10000, readTimeoutMS=10000, receiveBufferSize=0, proxySettings=ProxySettings{host=null, port=null, username=null, password=null}}, connectionPoolSettings=ConnectionPoolSettings{maxSize=100, minSize=0, maxWaitTimeMS=120000, maxConnectionLifeTimeMS=0, maxConnectionIdleTimeMS=0, maintenanceInitialDelayMS=0, maintenanceFrequencyMS=60000, connectionPoolListeners=[], maxConnecting=2}, serverSettings=ServerSettings{heartbeatFrequencyMS=10000, minHeartbeatFrequencyMS=500, serverListeners='[]', serverMonitorListeners='[]'}, sslSettings=SslSettings{enabled=false, invalidHostNameAllowed=false, context=null}, applicationName='null', compressorList=[], uuidRepresentation=JAVA_LEGACY, serverApi=null, autoEncryptionSettings=null, dnsClient=null, inetAddressResolver=null, contextProvider=null}
2025-11-02T18:00:03.557-03:00  INFO 18708 --- [localhost:27017] org.mongodb.driver.cluster               : Monitor thread successfully connected to server with description ServerDescription{address=localhost:27017, type=STANDALONE, state=CONNECTED, ok=true, minWireVersion=0, maxWireVersion=25, maxDocumentSize=16777216, logicalSessionTimeoutMinutes=30, roundTripTimeNanos=19768400}
2025-11-02T18:00:03.945-03:00  INFO 18708 --- [  restartedMain] o.s.b.d.a.OptionalLiveReloadServer       : LiveReload server is running on port 35729
2025-11-02T18:00:04.029-03:00  INFO 18708 --- [  restartedMain] r$InitializeUserDetailsManagerConfigurer : Global AuthenticationManager configured with UserDetailsService bean with name mongoUserDetailsService
2025-11-02T18:00:04.188-03:00  INFO 18708 --- [  restartedMain] o.s.b.a.w.s.WelcomePageHandlerMapping    : Adding welcome page: class path resource [static/index.html]
2025-11-02T18:00:04.595-03:00  INFO 18708 --- [  restartedMain] o.s.b.w.embedded.tomcat.TomcatWebServer  : Tomcat started on port 8081 (http) with context path '/'
2025-11-02T18:00:04.600-03:00  INFO 18708 --- [  restartedMain] com.ropa.tienda.TiendaRopaApplication    : Started TiendaRopaApplication in 3.027 seconds (process running for 3.471)
>>> Conectado a MongoDB - base de datos: tienda_ropa
2025-11-02T18:00:04.620-03:00 DEBUG 18708 --- [  restartedMain] o.s.data.mongodb.core.MongoTemplate      : Executing count: {} in collection: usuarios
2025-11-02T18:00:04.658-03:00 DEBUG 18708 --- [  restartedMain] o.s.data.mongodb.core.MongoTemplate      : Executing count: {} in collection: sucursales
2025-11-02T18:00:04.661-03:00 DEBUG 18708 --- [  restartedMain] o.s.data.mongodb.core.MongoTemplate      : Executing count: {} in collection: articulos
[WARN] Index conflict ignored for collection 'articulos': An existing index has the same name as the requested index. When index names are not specified, they are auto generated and can cause conflicts. Please refer to our documentation. Requested index: { v: 2, key: { inventario.sucursal_id: 1, inventario.stock: 1 }, name: "idx_inventario_sucursal_stock" }, existing index: { v: 2, key: { inventario.sucursalId: 1, inventario.stock: 1 }, name: "idx_inventario_sucursal_stock" }
>>> Índices MongoDB creados correctamente
